#-----------------------------------------------------------
# Webtalk v2018.3 (64-bit)
# SW Build 2405991 on Thu Dec  6 23:38:27 MST 2018
# IP Build 2404404 on Fri Dec  7 01:43:56 MST 2018
# Start of session at: Mon Jul 27 13:58:27 2020
# Process ID: 20704
# Current directory: E:/Grade4th/XilinxSchool/Project/Colorful-LED/Colorful-LED/Colorful-LED.sim/sim_1/behav/xsim
# Command line: wbtcv.exe -mode batch -source E:/Grade4th/XilinxSchool/Project/Colorful-LED/Colorful-LED/Colorful-LED.sim/sim_1/behav/xsim/xsim.dir/Colorful_LED_Top_behav/webtalk/xsim_webtalk.tcl -notrace
# Log file: E:/Grade4th/XilinxSchool/Project/Colorful-LED/Colorful-LED/Colorful-LED.sim/sim_1/behav/xsim/webtalk.log
# Journal file: E:/Grade4th/XilinxSchool/Project/Colorful-LED/Colorful-LED/Colorful-LED.sim/sim_1/behav/xsim\webtalk.jou
#-----------------------------------------------------------
source E:/Grade4th/XilinxSchool/Project/Colorful-LED/Colorful-LED/Colorful-LED.sim/sim_1/behav/xsim/xsim.dir/Colorful_LED_Top_behav/webtalk/xsim_webtalk.tcl -notrace
